Microchip MPLAB XC8 Compiler V1.44 ()

Linker command line:

-W-3 --edf=E:\Program Files E\Microchip\xc8\v1.44\dat\en_msgs.txt -cs \
  -h+dist/default/production\cube.X.production.sym \
  --cmf=dist/default/production\cube.X.production.cmf -z -Q18F4520 \
  -oC:\Users\USER\AppData\Local\Temp\sdq4.2 \
  -Mdist/default/production/cube.X.production.map -E1 -ver=XC8 \
  -ASTACK=080h-05ffh -pstack=STACK -ACODE=00h-07FFFh -ACONST=00h-07FFFh \
  -ASMALLCONST=0600h-06FFhx122 -AMEDIUMCONST=0600h-07FFFh -ACOMRAM=01h-07Fh \
  -AABS1=00h-05FFh -ABIGRAM=01h-05FFh -ARAM=080h-0FFh,0100h-01FFhx5 \
  -ABANK0=080h-0FFh -ABANK1=0100h-01FFh -ABANK2=0200h-02FFh \
  -ABANK3=0300h-03FFh -ABANK4=0400h-04FFh -ABANK5=0500h-05FFh \
  -ASFR=0F80h-0FFFh -preset_vec=00h,intcode,intcodelo,powerup,init \
  -pramtop=0600h -psmallconst=SMALLCONST -pmediumconst=MEDIUMCONST \
  -pconst=CONST -AFARRAM=00h-00h -ACONFIG=0300000h-030000Dh -pconfig=CONFIG \
  -AIDLOC=0200000h-0200007h -pidloc=IDLOC -AEEDATA=0F00000h-0F000FFh \
  -peeprom_data=EEDATA \
  -prdata=COMRAM,nvrram=COMRAM,nvbit=COMRAM,rbss=COMRAM,rbit=COMRAM \
  -pfarbss=FARRAM,fardata=FARRAM,nvFARRAM=FARRAM \
  -pintsave_regs=BIGRAM,bigbss=BIGRAM,bigdata=BIGRAM -pbss=RAM \
  -pidata=CODE,irdata=CODE,ibigdata=CODE,ifardata=CODE -prparam=COMRAM \
  C:\Users\USER\AppData\Local\Temp\sdq4.obj \
  dist/default/production\cube.X.production.obj 

Object code version is 3.11

Machine type is 18F4520

Call graph: (short form)




                Name                               Link     Load   Length Selector   Space Scale
C:\Users\USER\AppData\Local\Temp\sdq4.obj
                init                                  0        0        4        0       0
                idloc                            200000   200000        8   200000       0
                config                           300000   300000        E   300000       0
dist/default/production\cube.X.production.obj
                smallconst                          600      600       32      300       0
                text19                              632      632      18C      319       0
                text18                              7BE      7BE      14C      319       0
                text17                             1472     1472      108      319       0
                text16                             136A     136A      108      319       0
                text15                             1262     1262      108      319       0
                text14                             115A     115A      108      319       0
                text13                             1052     1052      108      319       0
                text12                              F4A      F4A      108      319       0
                text11                              C2E      C2E      10C      319       0
                text10                              B22      B22      10C      319       0
                text9                               A16      A16      10C      319       0
                text8                               90A      90A      10C      319       0
                text7                               E42      E42      108      319       0
                text6                               D3A      D3A      108      319       0
                text5                              1764     1764       70      319       0
                text4                              17D4     17D4       56      319       0
                text3                              182A     182A       52      319       0
                text2                              18E6     18E6        E      319       0
                text1                              1670     1670       F4      319       0
                text0                              157A     157A       F6      319       0
                cstackCOMRAM                         35       35       1E        1       1
                dataCOMRAM                            1        1       34        1       1
                bssCOMRAM                            53       53        8        1       1
                cinit                              187C     187C       36      319       0
                idataCOMRAM                        18B2     18B2       34      319       0

TOTAL           Name                               Link     Load   Length     Space
        CLASS   STACK          

        CLASS   CODE           
                init                                  0        0        4         0
                text19                              632      632      18C         0
                text18                              7BE      7BE      14C         0
                text17                             1472     1472      108         0
                text16                             136A     136A      108         0
                text15                             1262     1262      108         0
                text14                             115A     115A      108         0
                text13                             1052     1052      108         0
                text12                              F4A      F4A      108         0
                text11                              C2E      C2E      10C         0
                text10                              B22      B22      10C         0
                text9                               A16      A16      10C         0
                text8                               90A      90A      10C         0
                text7                               E42      E42      108         0
                text6                               D3A      D3A      108         0
                text5                              1764     1764       70         0
                text4                              17D4     17D4       56         0
                text3                              182A     182A       52         0
                text2                              18E6     18E6        E         0
                text1                              1670     1670       F4         0
                text0                              157A     157A       F6         0
                cinit                              187C     187C       36         0
                idataCOMRAM                        18B2     18B2       34         0

        CLASS   CONST          

        CLASS   SMALLCONST     
                smallconst                          600      600       32         0

        CLASS   MEDIUMCONST    

        CLASS   COMRAM         
                cstackCOMRAM                         35       35       1E         1
                dataCOMRAM                            1        1       34         1
                bssCOMRAM                            53       53        8         1

        CLASS   ABS1           

        CLASS   BIGRAM         

        CLASS   RAM            

        CLASS   BANK0          

        CLASS   BANK1          

        CLASS   BANK2          

        CLASS   BANK3          

        CLASS   BANK4          

        CLASS   BANK5          

        CLASS   SFR            

        CLASS   FARRAM         

        CLASS   CONFIG         
                config                           300000   300000        E         0

        CLASS   IDLOC          
                idloc                            200000   200000        8         0

        CLASS   EEDATA         



SEGMENTS        Name                           Load    Length   Top    Selector   Space  Class

                reset_vec                      000000  000004  000004         0       0  CODE    
                dataCOMRAM                     000001  00005A  00005B         1       1  COMRAM  
                smallconst                     000600  000032  000632       300       0  SMALLCON
                text19                         000632  0012C2  0018F4       319       0  CODE    
                idloc                          200000  000008  200008    200000       0  IDLOC   
                config                         300000  00000E  30000E    300000       0  CONFIG  


UNUSED ADDRESS RANGES

        Name                Unused          Largest block    Delta
        BANK0            000080-0000FF               80
        BANK1            000100-0001FF              100
        BANK2            000200-0002FF              100
        BANK3            000300-0003FF              100
        BANK4            000400-0004FF              100
        BANK5            000500-0005FF              100
        BIGRAM           00005B-0005FF              5A5
        CODE             000004-0005FF              5FC
                         0018F4-007FFF             670C
        COMRAM           00005B-00007F               25
        CONST            000004-0005FF              5FC
                         0018F4-007FFF             670C
        EEDATA           F00000-F000FF              100
        MEDIUMCONST      0018F4-007FFF             670C
        RAM              000080-0005FF              100
        SFR              000F80-000FFF               80
        SMALLCONST       0018F4-007FFF              100
        STACK            000080-0005FF              580

                                  Symbol Table

?___awmod                     cstackCOMRAM 000043
?___lmul                      cstackCOMRAM 000035
?_check                       cstackCOMRAM 000035
?_rand                        cstackCOMRAM 000041
B@i                           cstackCOMRAM 000035
Bi@i                          cstackCOMRAM 000035
D@i                           cstackCOMRAM 000035
Di@i                          cstackCOMRAM 000035
F@i                           cstackCOMRAM 000035
Fi@i                          cstackCOMRAM 000035
L@i                           cstackCOMRAM 000035
Li@i                          cstackCOMRAM 000035
R@i                           cstackCOMRAM 000035
Ri@i                          cstackCOMRAM 000035
U@i                           cstackCOMRAM 000035
Ui@i                          cstackCOMRAM 000035
_B                            text17       001472
_Bi                           text16       00136A
_D                            text15       001262
_Di                           text14       00115A
_F                            text13       001052
_Fi                           text12       000F4A
_L                            text11       000C2E
_Li                           text10       000B22
_PORTBbits                    (abs)        000F81
_PORTCbits                    (abs)        000F82
_PORTDbits                    (abs)        000F83
_R                            text9        000A16
_Ri                           text8        00090A
_TMR0                         (abs)        000FD6
_TRISBbits                    (abs)        000F93
_TRISCbits                    (abs)        000F94
_TRISDbits                    (abs)        000F95
_U                            text7        000E42
_Ui                           text6        000D3A
__CFG_LVP$OFF                 (abs)        000000
__CFG_MCLRE$ON                (abs)        000000
__CFG_OSC$INTIO67             (abs)        000000
__CFG_PBADEN$OFF              (abs)        000000
__CFG_WDT$OFF                 (abs)        000000
__HRAM                        (abs)        000000
__Habs1                       abs1         000000
__Hbank0                      bank0        000000
__Hbank1                      bank1        000000
__Hbank2                      bank2        000000
__Hbank3                      bank3        000000
__Hbank4                      bank4        000000
__Hbank5                      bank5        000000
__Hbigbss                     bigbss       000000
__Hbigdata                    bigdata      000000
__Hbigram                     bigram       000000
__Hbss                        bss          000000
__HbssCOMRAM                  bssCOMRAM    000000
__Hcinit                      cinit        000000
__Hclrtext                    clrtext      000000
__Hcomram                     comram       000000
__Hconfig                     config       30000E
__Hconst                      const        000000
__HcstackCOMRAM               cstackCOMRAM 000000
__Hdata                       data         000000
__HdataCOMRAM                 dataCOMRAM   000000
__Heeprom_data                eeprom_data  000000
__Hfarbss                     farbss       000000
__Hfardata                    fardata      000000
__Hibigdata                   ibigdata     000000
__Hidata                      idata        000000
__HidataCOMRAM                idataCOMRAM  000000
__Hidloc                      idloc        200008
__Hifardata                   ifardata     000000
__Hinit                       init         000004
__Hintcode                    intcode      000000
__Hintcode_body               intcode_body 000000
__Hintcodelo                  intcodelo    000000
__Hintentry                   intentry     000000
__Hintret                     intret       000000
__Hintsave_regs               intsave_regs 000000
__Hirdata                     irdata       000000
__Hmediumconst                mediumconst  000000
__HnvFARRAM                   nvFARRAM     000000
__Hnvbit                      nvbit        000000
__Hnvrram                     nvrram       000000
__Hparam                      rparam       000000
__Hpowerup                    powerup      000000
__Hram                        ram          000000
__Hramtop                     ramtop       000600
__Hrbit                       rbit         000000
__Hrbss                       rbss         000000
__Hrdata                      rdata        000000
__Hreset_vec                  reset_vec    000000
__Hrparam                     rparam       000000
__Hsfr                        sfr          000000
__Hsmallconst                 smallconst   000632
__Hspace_0                    (abs)        30000E
__Hspace_1                    (abs)        00005B
__Hspace_2                    (abs)        000000
__Hstack                      stack        000000
__Hstruct                     struct       000000
__Htemp                       temp         000000
__Htext                       text         000000
__Htext0                      text0        000000
__Htext1                      text1        000000
__Htext10                     text10       000000
__Htext11                     text11       000000
__Htext12                     text12       000000
__Htext13                     text13       000000
__Htext14                     text14       000000
__Htext15                     text15       000000
__Htext16                     text16       000000
__Htext17                     text17       000000
__Htext18                     text18       000000
__Htext19                     text19       000000
__Htext2                      text2        000000
__Htext3                      text3        000000
__Htext4                      text4        000000
__Htext5                      text5        000000
__Htext6                      text6        000000
__Htext7                      text7        000000
__Htext8                      text8        000000
__Htext9                      text9        000000
__LRAM                        (abs)        000001
__Labs1                       abs1         000000
__Lbank0                      bank0        000000
__Lbank1                      bank1        000000
__Lbank2                      bank2        000000
__Lbank3                      bank3        000000
__Lbank4                      bank4        000000
__Lbank5                      bank5        000000
__Lbigbss                     bigbss       000000
__Lbigdata                    bigdata      000000
__Lbigram                     bigram       000000
__Lbss                        bss          000000
__LbssCOMRAM                  bssCOMRAM    000000
__Lcinit                      cinit        000000
__Lclrtext                    clrtext      000000
__Lcomram                     comram       000000
__Lconfig                     config       300000
__Lconst                      const        000000
__LcstackCOMRAM               cstackCOMRAM 000000
__Ldata                       data         000000
__LdataCOMRAM                 dataCOMRAM   000000
__Leeprom_data                eeprom_data  000000
__Lfarbss                     farbss       000000
__Lfardata                    fardata      000000
__Libigdata                   ibigdata     000000
__Lidata                      idata        000000
__LidataCOMRAM                idataCOMRAM  000000
__Lidloc                      idloc        200000
__Lifardata                   ifardata     000000
__Linit                       init         000000
__Lintcode                    intcode      000000
__Lintcode_body               intcode_body 000000
__Lintcodelo                  intcodelo    000000
__Lintentry                   intentry     000000
__Lintret                     intret       000000
__Lintsave_regs               intsave_regs 000000
__Lirdata                     irdata       000000
__Lmediumconst                mediumconst  000000
__LnvFARRAM                   nvFARRAM     000000
__Lnvbit                      nvbit        000000
__Lnvrram                     nvrram       000000
__Lparam                      rparam       000000
__Lpowerup                    powerup      000000
__Lram                        ram          000000
__Lramtop                     ramtop       000600
__Lrbit                       rbit         000000
__Lrbss                       rbss         000000
__Lrdata                      rdata        000000
__Lreset_vec                  reset_vec    000000
__Lrparam                     rparam       000000
__Lsfr                        sfr          000000
__Lsmallconst                 smallconst   000600
__Lspace_0                    (abs)        000000
__Lspace_1                    (abs)        000000
__Lspace_2                    (abs)        000000
__Lstack                      stack        000000
__Lstruct                     struct       000000
__Ltemp                       temp         000000
__Ltext                       text         000000
__Ltext0                      text0        000000
__Ltext1                      text1        000000
__Ltext10                     text10       000000
__Ltext11                     text11       000000
__Ltext12                     text12       000000
__Ltext13                     text13       000000
__Ltext14                     text14       000000
__Ltext15                     text15       000000
__Ltext16                     text16       000000
__Ltext17                     text17       000000
__Ltext18                     text18       000000
__Ltext19                     text19       000000
__Ltext2                      text2        000000
__Ltext3                      text3        000000
__Ltext4                      text4        000000
__Ltext5                      text5        000000
__Ltext6                      text6        000000
__Ltext7                      text7        000000
__Ltext8                      text8        000000
__Ltext9                      text9        000000
__S0                          (abs)        30000E
__S1                          (abs)        00005B
__S2                          (abs)        000000
___awmod                      text5        001764
___awmod@counter              cstackCOMRAM 000047
___awmod@dividend             cstackCOMRAM 000043
___awmod@divisor              cstackCOMRAM 000045
___awmod@sign                 cstackCOMRAM 000048
___inthi_sp                   stack        000000
___intlo_sp                   stack        000000
___lmul                       text4        0017D4
___lmul@multiplicand          cstackCOMRAM 000039
___lmul@multiplier            cstackCOMRAM 000035
___lmul@product               cstackCOMRAM 00003D
___param_bank                 (abs)        000000
___rparam_used                (abs)        000001
___sp                         stack        000000
__accesstop                   (abs)        000080
__activetblptr                (abs)        000002
__end_of_B                    text17       00157A
__end_of_Bi                   text16       001472
__end_of_D                    text15       00136A
__end_of_Di                   text14       001262
__end_of_F                    text13       00115A
__end_of_Fi                   text12       001052
__end_of_L                    text11       000D3A
__end_of_Li                   text10       000C2E
__end_of_R                    text9        000B22
__end_of_Ri                   text8        000A16
__end_of_U                    text7        000F4A
__end_of_Ui                   text6        000E42
__end_of___awmod              text5        0017D4
__end_of___lmul               text4        00182A
__end_of__initialization      cinit        0018A8
__end_of_check                text19       0007BE
__end_of_main                 text0        001670
__end_of_native_surface_five  smallconst   000611
__end_of_native_surface_four  smallconst   000619
__end_of_native_surface_one   smallconst   000631
__end_of_native_surface_six   smallconst   000609
__end_of_native_surface_three smallconst   000621
__end_of_native_surface_two   smallconst   000629
__end_of_rand                 text3        00187C
__end_of_restore              text18       00090A
__end_of_scramble             text1        001764
__end_of_srand                text2        0018F4
__initialization              cinit        00187C
__mediumconst                 mediumconst  000000
__pbssCOMRAM                  bssCOMRAM    000053
__pcinit                      cinit        00187C
__pcstackCOMRAM               cstackCOMRAM 000035
__pdataCOMRAM                 dataCOMRAM   000001
__pidataCOMRAM                idataCOMRAM  0018B2
__psmallconst                 smallconst   000600
__ptext0                      text0        00157A
__ptext1                      text1        001670
__ptext10                     text10       000B22
__ptext11                     text11       000C2E
__ptext12                     text12       000F4A
__ptext13                     text13       001052
__ptext14                     text14       00115A
__ptext15                     text15       001262
__ptext16                     text16       00136A
__ptext17                     text17       001472
__ptext18                     text18       0007BE
__ptext19                     text19       000632
__ptext2                      text2        0018E6
__ptext3                      text3        00182A
__ptext4                      text4        0017D4
__ptext5                      text5        001764
__ptext6                      text6        000D3A
__ptext7                      text7        000E42
__ptext8                      text8        00090A
__ptext9                      text9        000A16
__ramtop                      ramtop       000600
__size_of_B                   (abs)        000000
__size_of_Bi                  (abs)        000000
__size_of_D                   (abs)        000000
__size_of_Di                  (abs)        000000
__size_of_F                   (abs)        000000
__size_of_Fi                  (abs)        000000
__size_of_L                   (abs)        000000
__size_of_Li                  (abs)        000000
__size_of_R                   (abs)        000000
__size_of_Ri                  (abs)        000000
__size_of_U                   (abs)        000000
__size_of_Ui                  (abs)        000000
__size_of___awmod             (abs)        000000
__size_of___lmul              (abs)        000000
__size_of_check               (abs)        000000
__size_of_main                (abs)        000000
__size_of_rand                (abs)        000000
__size_of_restore             (abs)        000000
__size_of_scramble            (abs)        000000
__size_of_srand               (abs)        000000
__smallconst                  smallconst   000600
_check                        text19       000632
_main                         text0        00157A
_native_surface_five          smallconst   000609
_native_surface_four          smallconst   000611
_native_surface_one           smallconst   000629
_native_surface_six           smallconst   000601
_native_surface_three         smallconst   000619
_native_surface_two           smallconst   000621
_rand                         text3        00182A
_randx                        dataCOMRAM   000031
_restore                      text18       0007BE
_scramble                     text1        001670
_srand                        text2        0018E6
_surface_five                 dataCOMRAM   000009
_surface_four                 dataCOMRAM   000011
_surface_one                  dataCOMRAM   000029
_surface_six                  dataCOMRAM   000001
_surface_three                dataCOMRAM   000019
_surface_two                  dataCOMRAM   000021
_temp                         bssCOMRAM    000053
check@i                       cstackCOMRAM 000039
end_of_initialization         cinit        0018A8
intlevel0                     text         000000
intlevel1                     text         000000
intlevel2                     text         000000
intlevel3                     text         000000
main@pause                    cstackCOMRAM 00004F
main@solved                   cstackCOMRAM 000051
restore@i                     cstackCOMRAM 000035
scramble@i                    cstackCOMRAM 00004D
scramble@random               cstackCOMRAM 00004B
srand@x                       cstackCOMRAM 000035
stackhi                       (abs)        0005FF
stacklo                       (abs)        000080
start                         init         000000
start_initialization          cinit        00187C


FUNCTION INFORMATION:

 *************** function _main *****************
 Defined at:
		line 269 in file "main.c"
 Parameters:    Size  Location     Type
		None
 Auto vars:     Size  Location     Type
  solved          2   28[COMRAM] int 
  pause           2   26[COMRAM] int 
  j               2    0        int 
  i               2    0        int 
 Return value:  Size  Location     Type
                  1    wreg      void 
 Registers used:
		wreg, fsr1l, fsr1h, fsr2l, fsr2h, status,2, status,0, tblptrl, tblptrh, tblptru, cstack
 Tracked objects:
		On entry : 
		On exit  : 
		Unchanged: 
 Data sizes:     COMRAM   BANK0   BANK1   BANK2   BANK3   BANK4   BANK5
      Params:         0       0       0       0       0       0       0
      Locals:         4       0       0       0       0       0       0
      Temps:          0       0       0       0       0       0       0
      Totals:         4       0       0       0       0       0       0
Total ram usage:        4 bytes
 Hardware stack levels required when called:    3
 This function calls:
		_B
		_Bi
		_D
		_Di
		_F
		_Fi
		_L
		_Li
		_R
		_Ri
		_U
		_Ui
		_check
		_restore
		_scramble
 This function is called by:
		Startup code after reset
 This function uses a non-reentrant model


 *************** function _scramble *****************
 Defined at:
		line 184 in file "main.c"
 Parameters:    Size  Location     Type
		None
 Auto vars:     Size  Location     Type
  i               2   24[COMRAM] int 
  random          2   22[COMRAM] int 
 Return value:  Size  Location     Type
                  1    wreg      void 
 Registers used:
		wreg, fsr1l, fsr1h, fsr2l, fsr2h, status,2, status,0, cstack
 Tracked objects:
		On entry : 
		On exit  : 
		Unchanged: 
 Data sizes:     COMRAM   BANK0   BANK1   BANK2   BANK3   BANK4   BANK5
      Params:         0       0       0       0       0       0       0
      Locals:         4       0       0       0       0       0       0
      Temps:          2       0       0       0       0       0       0
      Totals:         6       0       0       0       0       0       0
Total ram usage:        6 bytes
 Hardware stack levels used:    1
 Hardware stack levels required when called:    2
 This function calls:
		_B
		_Bi
		_D
		_Di
		_F
		_Fi
		_L
		_Li
		_R
		_Ri
		_U
		_Ui
		___awmod
		_rand
		_srand
 This function is called by:
		_main
 This function uses a non-reentrant model


 *************** function _srand *****************
 Defined at:
		line 6 in file "E:\Program Files E\Microchip\xc8\v1.44\sources\common\rand.c"
 Parameters:    Size  Location     Type
  x               2    0[COMRAM] unsigned int 
 Auto vars:     Size  Location     Type
		None
 Return value:  Size  Location     Type
                  1    wreg      void 
 Registers used:
		status,2
 Tracked objects:
		On entry : 
		On exit  : 
		Unchanged: 
 Data sizes:     COMRAM   BANK0   BANK1   BANK2   BANK3   BANK4   BANK5
      Params:         2       0       0       0       0       0       0
      Locals:         0       0       0       0       0       0       0
      Temps:          0       0       0       0       0       0       0
      Totals:         2       0       0       0       0       0       0
Total ram usage:        2 bytes
 Hardware stack levels used:    1
 This function calls:
		Nothing
 This function is called by:
		_scramble
 This function uses a non-reentrant model


 *************** function _rand *****************
 Defined at:
		line 12 in file "E:\Program Files E\Microchip\xc8\v1.44\sources\common\rand.c"
 Parameters:    Size  Location     Type
		None
 Auto vars:     Size  Location     Type
		None
 Return value:  Size  Location     Type
                  2   12[COMRAM] int 
 Registers used:
		wreg, status,2, status,0, cstack
 Tracked objects:
		On entry : 
		On exit  : 
		Unchanged: 
 Data sizes:     COMRAM   BANK0   BANK1   BANK2   BANK3   BANK4   BANK5
      Params:         2       0       0       0       0       0       0
      Locals:         0       0       0       0       0       0       0
      Temps:          0       0       0       0       0       0       0
      Totals:         2       0       0       0       0       0       0
Total ram usage:        2 bytes
 Hardware stack levels used:    1
 Hardware stack levels required when called:    1
 This function calls:
		___lmul
 This function is called by:
		_scramble
 This function uses a non-reentrant model


 *************** function ___lmul *****************
 Defined at:
		line 15 in file "E:\Program Files E\Microchip\xc8\v1.44\sources\common\Umul32.c"
 Parameters:    Size  Location     Type
  multiplier      4    0[COMRAM] unsigned long 
  multiplicand    4    4[COMRAM] unsigned long 
 Auto vars:     Size  Location     Type
  product         4    8[COMRAM] unsigned long 
 Return value:  Size  Location     Type
                  4    0[COMRAM] unsigned long 
 Registers used:
		wreg, status,2, status,0
 Tracked objects:
		On entry : 
		On exit  : 
		Unchanged: 
 Data sizes:     COMRAM   BANK0   BANK1   BANK2   BANK3   BANK4   BANK5
      Params:         8       0       0       0       0       0       0
      Locals:         4       0       0       0       0       0       0
      Temps:          0       0       0       0       0       0       0
      Totals:        12       0       0       0       0       0       0
Total ram usage:       12 bytes
 Hardware stack levels used:    1
 This function calls:
		Nothing
 This function is called by:
		_rand
 This function uses a non-reentrant model


 *************** function ___awmod *****************
 Defined at:
		line 8 in file "E:\Program Files E\Microchip\xc8\v1.44\sources\common\awmod.c"
 Parameters:    Size  Location     Type
  dividend        2   14[COMRAM] int 
  divisor         2   16[COMRAM] int 
 Auto vars:     Size  Location     Type
  sign            1   19[COMRAM] unsigned char 
  counter         1   18[COMRAM] unsigned char 
 Return value:  Size  Location     Type
                  2   14[COMRAM] int 
 Registers used:
		wreg, status,2, status,0
 Tracked objects:
		On entry : 
		On exit  : 
		Unchanged: 
 Data sizes:     COMRAM   BANK0   BANK1   BANK2   BANK3   BANK4   BANK5
      Params:         4       0       0       0       0       0       0
      Locals:         2       0       0       0       0       0       0
      Temps:          0       0       0       0       0       0       0
      Totals:         6       0       0       0       0       0       0
Total ram usage:        6 bytes
 Hardware stack levels used:    1
 This function calls:
		Nothing
 This function is called by:
		_scramble
 This function uses a non-reentrant model


 *************** function _Ui *****************
 Defined at:
		line 53 in file "main.c"
 Parameters:    Size  Location     Type
		None
 Auto vars:     Size  Location     Type
  i               2    0[COMRAM] int 
 Return value:  Size  Location     Type
                  1    wreg      void 
 Registers used:
		wreg, fsr1l, fsr1h, fsr2l, fsr2h, status,2, status,0
 Tracked objects:
		On entry : 
		On exit  : 
		Unchanged: 
 Data sizes:     COMRAM   BANK0   BANK1   BANK2   BANK3   BANK4   BANK5
      Params:         0       0       0       0       0       0       0
      Locals:         2       0       0       0       0       0       0
      Temps:          0       0       0       0       0       0       0
      Totals:         2       0       0       0       0       0       0
Total ram usage:        2 bytes
 Hardware stack levels used:    1
 This function calls:
		Nothing
 This function is called by:
		_scramble
		_main
 This function uses a non-reentrant model


 *************** function _U *****************
 Defined at:
		line 40 in file "main.c"
 Parameters:    Size  Location     Type
		None
 Auto vars:     Size  Location     Type
  i               2    0[COMRAM] int 
 Return value:  Size  Location     Type
                  1    wreg      void 
 Registers used:
		wreg, fsr1l, fsr1h, fsr2l, fsr2h, status,2, status,0
 Tracked objects:
		On entry : 
		On exit  : 
		Unchanged: 
 Data sizes:     COMRAM   BANK0   BANK1   BANK2   BANK3   BANK4   BANK5
      Params:         0       0       0       0       0       0       0
      Locals:         2       0       0       0       0       0       0
      Temps:          0       0       0       0       0       0       0
      Totals:         2       0       0       0       0       0       0
Total ram usage:        2 bytes
 Hardware stack levels used:    1
 This function calls:
		Nothing
 This function is called by:
		_scramble
		_main
 This function uses a non-reentrant model


 *************** function _Ri *****************
 Defined at:
		line 125 in file "main.c"
 Parameters:    Size  Location     Type
		None
 Auto vars:     Size  Location     Type
  i               2    0[COMRAM] int 
 Return value:  Size  Location     Type
                  1    wreg      void 
 Registers used:
		wreg, fsr1l, fsr1h, fsr2l, fsr2h, status,2, status,0
 Tracked objects:
		On entry : 
		On exit  : 
		Unchanged: 
 Data sizes:     COMRAM   BANK0   BANK1   BANK2   BANK3   BANK4   BANK5
      Params:         0       0       0       0       0       0       0
      Locals:         2       0       0       0       0       0       0
      Temps:          0       0       0       0       0       0       0
      Totals:         2       0       0       0       0       0       0
Total ram usage:        2 bytes
 Hardware stack levels used:    1
 This function calls:
		Nothing
 This function is called by:
		_scramble
		_main
 This function uses a non-reentrant model


 *************** function _R *****************
 Defined at:
		line 113 in file "main.c"
 Parameters:    Size  Location     Type
		None
 Auto vars:     Size  Location     Type
  i               2    0[COMRAM] int 
 Return value:  Size  Location     Type
                  1    wreg      void 
 Registers used:
		wreg, fsr1l, fsr1h, fsr2l, fsr2h, status,2, status,0
 Tracked objects:
		On entry : 
		On exit  : 
		Unchanged: 
 Data sizes:     COMRAM   BANK0   BANK1   BANK2   BANK3   BANK4   BANK5
      Params:         0       0       0       0       0       0       0
      Locals:         2       0       0       0       0       0       0
      Temps:          0       0       0       0       0       0       0
      Totals:         2       0       0       0       0       0       0
Total ram usage:        2 bytes
 Hardware stack levels used:    1
 This function calls:
		Nothing
 This function is called by:
		_scramble
		_main
 This function uses a non-reentrant model


 *************** function _Li *****************
 Defined at:
		line 101 in file "main.c"
 Parameters:    Size  Location     Type
		None
 Auto vars:     Size  Location     Type
  i               2    0[COMRAM] int 
 Return value:  Size  Location     Type
                  1    wreg      void 
 Registers used:
		wreg, fsr1l, fsr1h, fsr2l, fsr2h, status,2, status,0
 Tracked objects:
		On entry : 
		On exit  : 
		Unchanged: 
 Data sizes:     COMRAM   BANK0   BANK1   BANK2   BANK3   BANK4   BANK5
      Params:         0       0       0       0       0       0       0
      Locals:         2       0       0       0       0       0       0
      Temps:          0       0       0       0       0       0       0
      Totals:         2       0       0       0       0       0       0
Total ram usage:        2 bytes
 Hardware stack levels used:    1
 This function calls:
		Nothing
 This function is called by:
		_scramble
		_main
 This function uses a non-reentrant model


 *************** function _L *****************
 Defined at:
		line 89 in file "main.c"
 Parameters:    Size  Location     Type
		None
 Auto vars:     Size  Location     Type
  i               2    0[COMRAM] int 
 Return value:  Size  Location     Type
                  1    wreg      void 
 Registers used:
		wreg, fsr1l, fsr1h, fsr2l, fsr2h, status,2, status,0
 Tracked objects:
		On entry : 
		On exit  : 
		Unchanged: 
 Data sizes:     COMRAM   BANK0   BANK1   BANK2   BANK3   BANK4   BANK5
      Params:         0       0       0       0       0       0       0
      Locals:         2       0       0       0       0       0       0
      Temps:          0       0       0       0       0       0       0
      Totals:         2       0       0       0       0       0       0
Total ram usage:        2 bytes
 Hardware stack levels used:    1
 This function calls:
		Nothing
 This function is called by:
		_scramble
		_main
 This function uses a non-reentrant model


 *************** function _Fi *****************
 Defined at:
		line 149 in file "main.c"
 Parameters:    Size  Location     Type
		None
 Auto vars:     Size  Location     Type
  i               2    0[COMRAM] int 
 Return value:  Size  Location     Type
                  1    wreg      void 
 Registers used:
		wreg, fsr1l, fsr1h, fsr2l, fsr2h, status,2, status,0
 Tracked objects:
		On entry : 
		On exit  : 
		Unchanged: 
 Data sizes:     COMRAM   BANK0   BANK1   BANK2   BANK3   BANK4   BANK5
      Params:         0       0       0       0       0       0       0
      Locals:         2       0       0       0       0       0       0
      Temps:          0       0       0       0       0       0       0
      Totals:         2       0       0       0       0       0       0
Total ram usage:        2 bytes
 Hardware stack levels used:    1
 This function calls:
		Nothing
 This function is called by:
		_scramble
		_main
 This function uses a non-reentrant model


 *************** function _F *****************
 Defined at:
		line 137 in file "main.c"
 Parameters:    Size  Location     Type
		None
 Auto vars:     Size  Location     Type
  i               2    0[COMRAM] int 
 Return value:  Size  Location     Type
                  1    wreg      void 
 Registers used:
		wreg, fsr1l, fsr1h, fsr2l, fsr2h, status,2, status,0
 Tracked objects:
		On entry : 
		On exit  : 
		Unchanged: 
 Data sizes:     COMRAM   BANK0   BANK1   BANK2   BANK3   BANK4   BANK5
      Params:         0       0       0       0       0       0       0
      Locals:         2       0       0       0       0       0       0
      Temps:          0       0       0       0       0       0       0
      Totals:         2       0       0       0       0       0       0
Total ram usage:        2 bytes
 Hardware stack levels used:    1
 This function calls:
		Nothing
 This function is called by:
		_scramble
		_main
 This function uses a non-reentrant model


 *************** function _Di *****************
 Defined at:
		line 77 in file "main.c"
 Parameters:    Size  Location     Type
		None
 Auto vars:     Size  Location     Type
  i               2    0[COMRAM] int 
 Return value:  Size  Location     Type
                  1    wreg      void 
 Registers used:
		wreg, fsr1l, fsr1h, fsr2l, fsr2h, status,2, status,0
 Tracked objects:
		On entry : 
		On exit  : 
		Unchanged: 
 Data sizes:     COMRAM   BANK0   BANK1   BANK2   BANK3   BANK4   BANK5
      Params:         0       0       0       0       0       0       0
      Locals:         2       0       0       0       0       0       0
      Temps:          0       0       0       0       0       0       0
      Totals:         2       0       0       0       0       0       0
Total ram usage:        2 bytes
 Hardware stack levels used:    1
 This function calls:
		Nothing
 This function is called by:
		_scramble
		_main
 This function uses a non-reentrant model


 *************** function _D *****************
 Defined at:
		line 65 in file "main.c"
 Parameters:    Size  Location     Type
		None
 Auto vars:     Size  Location     Type
  i               2    0[COMRAM] int 
 Return value:  Size  Location     Type
                  1    wreg      void 
 Registers used:
		wreg, fsr1l, fsr1h, fsr2l, fsr2h, status,2, status,0
 Tracked objects:
		On entry : 
		On exit  : 
		Unchanged: 
 Data sizes:     COMRAM   BANK0   BANK1   BANK2   BANK3   BANK4   BANK5
      Params:         0       0       0       0       0       0       0
      Locals:         2       0       0       0       0       0       0
      Temps:          0       0       0       0       0       0       0
      Totals:         2       0       0       0       0       0       0
Total ram usage:        2 bytes
 Hardware stack levels used:    1
 This function calls:
		Nothing
 This function is called by:
		_scramble
		_main
 This function uses a non-reentrant model


 *************** function _Bi *****************
 Defined at:
		line 173 in file "main.c"
 Parameters:    Size  Location     Type
		None
 Auto vars:     Size  Location     Type
  i               2    0[COMRAM] int 
 Return value:  Size  Location     Type
                  1    wreg      void 
 Registers used:
		wreg, fsr1l, fsr1h, fsr2l, fsr2h, status,2, status,0
 Tracked objects:
		On entry : 
		On exit  : 
		Unchanged: 
 Data sizes:     COMRAM   BANK0   BANK1   BANK2   BANK3   BANK4   BANK5
      Params:         0       0       0       0       0       0       0
      Locals:         2       0       0       0       0       0       0
      Temps:          0       0       0       0       0       0       0
      Totals:         2       0       0       0       0       0       0
Total ram usage:        2 bytes
 Hardware stack levels used:    1
 This function calls:
		Nothing
 This function is called by:
		_scramble
		_main
 This function uses a non-reentrant model


 *************** function _B *****************
 Defined at:
		line 161 in file "main.c"
 Parameters:    Size  Location     Type
		None
 Auto vars:     Size  Location     Type
  i               2    0[COMRAM] int 
 Return value:  Size  Location     Type
                  1    wreg      void 
 Registers used:
		wreg, fsr1l, fsr1h, fsr2l, fsr2h, status,2, status,0
 Tracked objects:
		On entry : 
		On exit  : 
		Unchanged: 
 Data sizes:     COMRAM   BANK0   BANK1   BANK2   BANK3   BANK4   BANK5
      Params:         0       0       0       0       0       0       0
      Locals:         2       0       0       0       0       0       0
      Temps:          0       0       0       0       0       0       0
      Totals:         2       0       0       0       0       0       0
Total ram usage:        2 bytes
 Hardware stack levels used:    1
 This function calls:
		Nothing
 This function is called by:
		_scramble
		_main
 This function uses a non-reentrant model


 *************** function _restore *****************
 Defined at:
		line 257 in file "main.c"
 Parameters:    Size  Location     Type
		None
 Auto vars:     Size  Location     Type
  i               2    0[COMRAM] int 
 Return value:  Size  Location     Type
                  1    wreg      void 
 Registers used:
		wreg, fsr2l, fsr2h, status,2, status,0, tblptrl, tblptrh, tblptru
 Tracked objects:
		On entry : 
		On exit  : 
		Unchanged: 
 Data sizes:     COMRAM   BANK0   BANK1   BANK2   BANK3   BANK4   BANK5
      Params:         0       0       0       0       0       0       0
      Locals:         2       0       0       0       0       0       0
      Temps:          0       0       0       0       0       0       0
      Totals:         2       0       0       0       0       0       0
Total ram usage:        2 bytes
 Hardware stack levels used:    1
 This function calls:
		Nothing
 This function is called by:
		_main
 This function uses a non-reentrant model


 *************** function _check *****************
 Defined at:
		line 232 in file "main.c"
 Parameters:    Size  Location     Type
		None
 Auto vars:     Size  Location     Type
  i               2    4[COMRAM] int 
 Return value:  Size  Location     Type
                  2    0[COMRAM] int 
 Registers used:
		wreg, fsr2l, fsr2h, status,2, status,0, tblptrl, tblptrh, tblptru
 Tracked objects:
		On entry : 
		On exit  : 
		Unchanged: 
 Data sizes:     COMRAM   BANK0   BANK1   BANK2   BANK3   BANK4   BANK5
      Params:         2       0       0       0       0       0       0
      Locals:         2       0       0       0       0       0       0
      Temps:          2       0       0       0       0       0       0
      Totals:         6       0       0       0       0       0       0
Total ram usage:        6 bytes
 Hardware stack levels used:    1
 This function calls:
		Nothing
 This function is called by:
		_main
 This function uses a non-reentrant model



MODULE INFORMATION

Module		Function		Class		Link	Load	Size
E:\Program Files E\Microchip\xc8\v1.44\sources\common\Umul32.c
		___lmul        		CODE           	17D4	0000	87

E:\Program Files E\Microchip\xc8\v1.44\sources\common\Umul32.c estimated size: 87

E:\Program Files E\Microchip\xc8\v1.44\sources\common\rand.c
		_srand         		CODE           	18E6	0000	15
		_rand          		CODE           	182A	0000	83

E:\Program Files E\Microchip\xc8\v1.44\sources\common\rand.c estimated size: 98

E:\Program Files E\Microchip\xc8\v1.44\sources\common\awmod.c
		___awmod       		CODE           	1764	0000	113

E:\Program Files E\Microchip\xc8\v1.44\sources\common\awmod.c estimated size: 113

shared
		_native_surface_one		SMALLCONST     	0629	0000	9
		_native_surface_four		SMALLCONST     	0611	0000	9
		_native_surface_three		SMALLCONST     	0619	0000	9
		__initialization		CODE           	187C	0000	45
		_native_surface_two		SMALLCONST     	0621	0000	9
		_native_surface_six		SMALLCONST     	0601	0000	9
		_native_surface_five		SMALLCONST     	0609	0000	9

shared estimated size: 99

main.c
		_Bi            		CODE           	136A	0000	265
		_Di            		CODE           	115A	0000	265
		_Fi            		CODE           	0F4A	0000	265
		_Li            		CODE           	0B22	0000	269
		_restore       		CODE           	07BE	0000	333
		_Ri            		CODE           	090A	0000	269
		_Ui            		CODE           	0D3A	0000	265
		_main          		CODE           	157A	0000	247
		_scramble      		CODE           	1670	0000	245
		_check         		CODE           	0632	0000	397
		_B             		CODE           	1472	0000	265
		_D             		CODE           	1262	0000	265
		_F             		CODE           	1052	0000	265
		_L             		CODE           	0C2E	0000	269
		_R             		CODE           	0A16	0000	269
		_U             		CODE           	0E42	0000	265

main.c estimated size: 4418

